2026-04-09 19:19:44,677 - INFO - Training on device: cpu
2026-04-09 19:19:44,677 - INFO - Training samples: 80
2026-04-09 19:19:44,677 - INFO - Validation samples: 20
2026-04-09 19:19:44,677 - INFO - Epoch 1/100
2026-04-09 19:20:05,730 - INFO - Train Loss: 17053.2181, Train MAE: 116.49 months
2026-04-09 19:20:05,731 - INFO - Val Loss: 11532.5205, Val MAE: 85.51 months
2026-04-09 19:20:05,991 - INFO - New best model saved!
2026-04-09 19:20:06,276 - INFO - Epoch 2/100
2026-04-09 19:20:38,377 - INFO - Train Loss: 16036.8050, Train MAE: 112.99 months
2026-04-09 19:20:38,377 - INFO - Val Loss: 6310.8975, Val MAE: 65.20 months
2026-04-09 19:20:38,764 - INFO - New best model saved!
2026-04-09 19:20:39,139 - INFO - Epoch 3/100
2026-04-09 19:21:10,667 - INFO - Train Loss: 14282.0540, Train MAE: 106.82 months
2026-04-09 19:21:10,669 - INFO - Val Loss: 5478.1670, Val MAE: 61.21 months
2026-04-09 19:21:11,068 - INFO - New best model saved!
2026-04-09 19:21:11,482 - INFO - Epoch 4/100
2026-04-09 19:21:42,925 - INFO - Train Loss: 12747.9215, Train MAE: 99.17 months
2026-04-09 19:21:42,926 - INFO - Val Loss: 6275.2354, Val MAE: 64.98 months
2026-04-09 19:21:43,590 - INFO - Epoch 5/100
2026-04-09 19:22:42,310 - INFO - Train Loss: 10503.1204, Train MAE: 88.10 months
2026-04-09 19:22:42,311 - INFO - Val Loss: 5519.6064, Val MAE: 61.37 months
2026-04-09 19:22:43,058 - INFO - Epoch 6/100
2026-04-09 19:23:07,030 - INFO - Train Loss: 8659.8631, Train MAE: 78.97 months
2026-04-09 19:23:07,031 - INFO - Val Loss: 4616.7808, Val MAE: 57.65 months
2026-04-09 19:23:07,422 - INFO - New best model saved!
2026-04-09 19:23:07,761 - INFO - Epoch 7/100
2026-04-09 19:24:12,515 - INFO - Train Loss: 6026.2622, Train MAE: 65.61 months
2026-04-09 19:24:12,515 - INFO - Val Loss: 4269.3345, Val MAE: 55.20 months
2026-04-09 19:24:13,193 - INFO - New best model saved!
2026-04-09 19:24:13,728 - INFO - Epoch 8/100
2026-04-09 19:25:15,702 - INFO - Train Loss: 4285.4349, Train MAE: 56.89 months
2026-04-09 19:25:15,702 - INFO - Val Loss: 6014.7129, Val MAE: 67.36 months
2026-04-09 19:25:16,459 - INFO - Epoch 9/100
2026-04-09 19:26:17,354 - INFO - Train Loss: 3763.6627, Train MAE: 53.11 months
2026-04-09 19:26:17,356 - INFO - Val Loss: 12739.6123, Val MAE: 94.62 months
2026-04-09 19:26:18,068 - INFO - Epoch 10/100
2026-04-09 19:27:17,833 - INFO - Train Loss: 3632.2017, Train MAE: 51.76 months
2026-04-09 19:27:17,833 - INFO - Val Loss: 7639.1494, Val MAE: 74.55 months
2026-04-09 19:27:18,495 - INFO - Epoch 11/100
2026-04-09 19:28:19,800 - INFO - Train Loss: 3942.4589, Train MAE: 52.84 months
2026-04-09 19:28:19,801 - INFO - Val Loss: 4234.1875, Val MAE: 55.35 months
2026-04-09 19:28:20,512 - INFO - New best model saved!
2026-04-09 19:28:21,160 - INFO - Epoch 12/100
2026-04-09 19:29:20,521 - INFO - Train Loss: 3204.6355, Train MAE: 49.24 months
2026-04-09 19:29:20,522 - INFO - Val Loss: 5364.7544, Val MAE: 60.70 months
2026-04-09 19:29:21,210 - INFO - Epoch 13/100
2026-04-09 19:30:14,698 - INFO - Train Loss: 3483.2288, Train MAE: 50.60 months
2026-04-09 19:30:14,699 - INFO - Val Loss: 4691.4678, Val MAE: 58.01 months
2026-04-09 19:30:15,037 - INFO - Epoch 14/100
2026-04-09 19:30:38,644 - INFO - Train Loss: 3956.4941, Train MAE: 52.95 months
2026-04-09 19:30:38,644 - INFO - Val Loss: 4277.8101, Val MAE: 56.06 months
2026-04-09 19:30:39,063 - INFO - Epoch 15/100
2026-04-09 19:31:09,986 - INFO - Train Loss: 3751.3830, Train MAE: 50.09 months
2026-04-09 19:31:09,987 - INFO - Val Loss: 4733.3027, Val MAE: 59.60 months
2026-04-09 19:31:10,401 - INFO - Epoch 16/100
2026-04-09 19:31:40,807 - INFO - Train Loss: 3902.8672, Train MAE: 51.36 months
2026-04-09 19:31:40,808 - INFO - Val Loss: 5329.2979, Val MAE: 63.71 months
2026-04-09 19:31:41,200 - INFO - Epoch 17/100
2026-04-09 19:32:12,300 - INFO - Train Loss: 3660.1247, Train MAE: 53.69 months
2026-04-09 19:32:12,301 - INFO - Val Loss: 5333.8872, Val MAE: 63.72 months
2026-04-09 19:32:12,962 - INFO - Epoch 18/100
2026-04-09 19:32:49,144 - INFO - Train Loss: 3800.3774, Train MAE: 51.75 months
2026-04-09 19:32:49,145 - INFO - Val Loss: 5027.0283, Val MAE: 61.74 months
2026-04-09 19:32:49,553 - INFO - Epoch 19/100
2026-04-09 19:33:26,015 - INFO - Train Loss: 3708.3887, Train MAE: 51.30 months
2026-04-09 19:33:26,016 - INFO - Val Loss: 5046.0571, Val MAE: 61.87 months
2026-04-09 19:33:26,544 - INFO - Epoch 20/100
2026-04-09 19:34:34,847 - INFO - Train Loss: 3247.0356, Train MAE: 48.86 months
2026-04-09 19:34:34,848 - INFO - Val Loss: 5113.6885, Val MAE: 62.32 months
2026-04-09 19:34:35,550 - INFO - Epoch 21/100
2026-04-09 19:35:44,658 - INFO - Train Loss: 3540.3157, Train MAE: 50.32 months
2026-04-09 19:35:44,659 - INFO - Val Loss: 5160.7559, Val MAE: 62.63 months
2026-04-09 19:35:45,501 - INFO - Epoch 22/100
2026-04-09 19:36:50,489 - INFO - Train Loss: 3615.6842, Train MAE: 51.20 months
2026-04-09 19:36:50,491 - INFO - Val Loss: 5186.0776, Val MAE: 62.79 months
2026-04-09 19:36:51,243 - INFO - Epoch 23/100
2026-04-09 19:37:57,812 - INFO - Train Loss: 3773.1308, Train MAE: 50.08 months
2026-04-09 19:37:57,813 - INFO - Val Loss: 5224.4780, Val MAE: 63.03 months
2026-04-09 19:37:58,584 - INFO - Epoch 24/100
2026-04-09 19:39:22,528 - INFO - Train Loss: 3957.0796, Train MAE: 52.33 months
2026-04-09 19:39:22,528 - INFO - Val Loss: 5245.3994, Val MAE: 63.17 months
2026-04-09 19:39:23,227 - INFO - Epoch 25/100
2026-04-09 19:40:30,673 - INFO - Train Loss: 3176.9306, Train MAE: 48.82 months
2026-04-09 19:40:30,674 - INFO - Val Loss: 5272.7485, Val MAE: 63.34 months
2026-04-09 19:40:31,446 - INFO - Epoch 26/100
2026-04-09 19:41:15,686 - INFO - Train Loss: 3575.6564, Train MAE: 50.36 months
2026-04-09 19:41:15,688 - INFO - Val Loss: 5222.3604, Val MAE: 63.04 months
2026-04-09 19:41:16,437 - INFO - Early stopping triggered after 26 epochs
2026-04-09 19:41:16,439 - INFO - Training completed!
2026-04-11 16:21:43,443 - INFO - Training on device: cpu
2026-04-11 16:21:43,444 - INFO - Training samples: 80
2026-04-11 16:21:43,445 - INFO - Validation samples: 20
2026-04-11 16:21:43,445 - INFO - Epoch 1/100
2026-04-11 16:24:51,868 - INFO - Training on device: cpu
2026-04-11 16:24:51,869 - INFO - Training samples: 80
2026-04-11 16:24:51,869 - INFO - Validation samples: 20
2026-04-11 16:24:51,870 - INFO - Epoch 1/100
2026-04-11 16:25:18,739 - INFO - Train Loss: 19494.0996, Train MAE: 129.49 months
2026-04-11 16:25:18,739 - INFO - Val Loss: 12314.6660, Val MAE: 94.70 months
2026-04-11 16:25:19,062 - INFO - New best model saved!
2026-04-11 16:25:19,343 - INFO - Epoch 2/100
2026-04-11 16:26:22,598 - INFO - Train Loss: 18196.2891, Train MAE: 126.34 months
2026-04-11 16:26:22,599 - INFO - Val Loss: 7404.4141, Val MAE: 70.39 months
2026-04-11 16:26:23,251 - INFO - New best model saved!
2026-04-11 16:26:23,896 - INFO - Epoch 3/100
2026-04-11 16:27:34,372 - INFO - Train Loss: 16043.2018, Train MAE: 119.86 months
2026-04-11 16:27:34,373 - INFO - Val Loss: 3472.1887, Val MAE: 48.14 months
2026-04-11 16:27:34,976 - INFO - New best model saved!
2026-04-11 16:27:35,668 - INFO - Epoch 4/100
2026-04-11 16:28:11,231 - INFO - Train Loss: 13797.4984, Train MAE: 110.17 months
2026-04-11 16:28:11,231 - INFO - Val Loss: 4808.5806, Val MAE: 57.14 months
2026-04-11 16:28:11,607 - INFO - Epoch 5/100
2026-04-11 16:28:44,433 - INFO - Train Loss: 11093.0036, Train MAE: 98.04 months
2026-04-11 16:28:44,434 - INFO - Val Loss: 5578.2358, Val MAE: 61.08 months
2026-04-11 16:28:44,808 - INFO - Epoch 6/100
2026-04-11 16:29:12,792 - INFO - Train Loss: 8704.5827, Train MAE: 85.17 months
2026-04-11 16:29:12,793 - INFO - Val Loss: 5051.5635, Val MAE: 59.62 months
2026-04-11 16:29:13,144 - INFO - Epoch 7/100
2026-04-11 16:29:40,273 - INFO - Train Loss: 6572.8823, Train MAE: 69.93 months
2026-04-11 16:29:40,273 - INFO - Val Loss: 9446.3447, Val MAE: 85.25 months
2026-04-11 16:29:40,622 - INFO - Epoch 8/100
2026-04-11 16:30:07,088 - INFO - Train Loss: 3547.9058, Train MAE: 50.96 months
2026-04-11 16:30:07,088 - INFO - Val Loss: 10601.7051, Val MAE: 87.19 months
2026-04-11 16:30:07,419 - INFO - Epoch 9/100
2026-04-11 16:30:34,603 - INFO - Train Loss: 2291.2150, Train MAE: 39.02 months
2026-04-11 16:30:34,604 - INFO - Val Loss: 10670.6504, Val MAE: 87.48 months
2026-04-11 16:30:34,935 - INFO - Epoch 10/100
2026-04-11 16:31:02,600 - INFO - Train Loss: 1452.1643, Train MAE: 30.61 months
2026-04-11 16:31:02,600 - INFO - Val Loss: 7150.2212, Val MAE: 67.34 months
2026-04-11 16:31:02,904 - INFO - Epoch 11/100
2026-04-11 16:31:29,755 - INFO - Train Loss: 1548.1644, Train MAE: 31.92 months
2026-04-11 16:31:29,756 - INFO - Val Loss: 10413.6152, Val MAE: 83.15 months
2026-04-11 16:31:30,064 - INFO - Epoch 12/100
2026-04-11 16:31:56,985 - INFO - Train Loss: 1280.4739, Train MAE: 28.59 months
2026-04-11 16:31:56,985 - INFO - Val Loss: 10841.2246, Val MAE: 85.48 months
2026-04-11 16:31:57,283 - INFO - Epoch 13/100
2026-04-11 16:32:23,878 - INFO - Train Loss: 1501.9982, Train MAE: 28.55 months
2026-04-11 16:32:23,879 - INFO - Val Loss: 8009.7827, Val MAE: 67.25 months
2026-04-11 16:32:24,173 - INFO - Epoch 14/100
2026-04-11 16:33:12,555 - INFO - Train Loss: 1506.9027, Train MAE: 30.55 months
2026-04-11 16:33:12,555 - INFO - Val Loss: 8951.6016, Val MAE: 75.95 months
2026-04-11 16:33:12,968 - INFO - Epoch 15/100
2026-04-11 16:34:02,855 - INFO - Train Loss: 1634.1927, Train MAE: 31.38 months
2026-04-11 16:34:02,856 - INFO - Val Loss: 7612.2158, Val MAE: 71.85 months
2026-04-11 16:34:03,210 - INFO - Epoch 16/100
2026-04-11 16:34:33,122 - INFO - Train Loss: 1386.3409, Train MAE: 29.49 months
2026-04-11 16:34:33,123 - INFO - Val Loss: 7239.6357, Val MAE: 71.14 months
2026-04-11 16:34:33,430 - INFO - Epoch 17/100
2026-04-11 16:35:00,264 - INFO - Train Loss: 1128.4313, Train MAE: 26.77 months
2026-04-11 16:35:00,265 - INFO - Val Loss: 7578.2280, Val MAE: 72.14 months
2026-04-11 16:35:00,573 - INFO - Epoch 18/100
2026-04-11 16:35:26,580 - INFO - Train Loss: 1240.0216, Train MAE: 27.36 months
2026-04-11 16:35:26,580 - INFO - Val Loss: 8285.4688, Val MAE: 74.62 months
2026-04-11 16:35:26,881 - INFO - Early stopping triggered after 18 epochs
2026-04-11 16:35:26,881 - INFO - Training completed!
2026-04-11 16:42:40,371 - INFO - Training on device: cpu
2026-04-11 16:42:40,372 - INFO - Training samples: 80
2026-04-11 16:42:40,372 - INFO - Validation samples: 20
2026-04-11 16:42:40,372 - INFO - Epoch 1/100
2026-04-11 16:42:59,429 - INFO - Train Loss: 19494.0996, Train MAE: 129.49 months
2026-04-11 16:42:59,430 - INFO - Val Loss: 12314.6660, Val MAE: 94.70 months
2026-04-11 16:42:59,726 - INFO - New best model saved!
2026-04-11 16:42:59,988 - INFO - Epoch 2/100
2026-04-11 16:43:26,902 - INFO - Train Loss: 18196.2891, Train MAE: 126.34 months
2026-04-11 16:43:26,903 - INFO - Val Loss: 7404.4141, Val MAE: 70.39 months
2026-04-11 16:43:27,208 - INFO - New best model saved!
2026-04-11 16:43:27,475 - INFO - Epoch 3/100
2026-04-11 16:43:53,958 - INFO - Train Loss: 16043.2018, Train MAE: 119.86 months
2026-04-11 16:43:53,958 - INFO - Val Loss: 3472.1887, Val MAE: 48.14 months
2026-04-11 16:43:54,277 - INFO - New best model saved!
2026-04-11 16:43:54,552 - INFO - Epoch 4/100
2026-04-11 16:44:21,293 - INFO - Train Loss: 13797.4984, Train MAE: 110.17 months
2026-04-11 16:44:21,294 - INFO - Val Loss: 4808.5806, Val MAE: 57.14 months
2026-04-11 16:44:21,594 - INFO - Epoch 5/100
2026-04-11 16:44:47,644 - INFO - Train Loss: 11093.0036, Train MAE: 98.04 months
2026-04-11 16:44:47,645 - INFO - Val Loss: 5578.2358, Val MAE: 61.08 months
2026-04-11 16:44:47,943 - INFO - Epoch 6/100
2026-04-11 16:45:14,133 - INFO - Train Loss: 8704.5827, Train MAE: 85.17 months
2026-04-11 16:45:14,133 - INFO - Val Loss: 5051.5635, Val MAE: 59.62 months
2026-04-11 16:45:14,434 - INFO - Epoch 7/100
2026-04-11 16:45:40,802 - INFO - Train Loss: 6572.8823, Train MAE: 69.93 months
2026-04-11 16:45:40,802 - INFO - Val Loss: 9446.3447, Val MAE: 85.25 months
2026-04-11 16:45:41,103 - INFO - Epoch 8/100
2026-04-11 16:46:07,276 - INFO - Train Loss: 3547.9058, Train MAE: 50.96 months
2026-04-11 16:46:07,276 - INFO - Val Loss: 10601.7051, Val MAE: 87.19 months
2026-04-11 16:46:07,572 - INFO - Epoch 9/100
2026-04-11 16:46:33,742 - INFO - Train Loss: 2291.2150, Train MAE: 39.02 months
2026-04-11 16:46:33,743 - INFO - Val Loss: 10670.6504, Val MAE: 87.48 months
2026-04-11 16:46:34,051 - INFO - Epoch 10/100
2026-04-11 16:47:00,249 - INFO - Train Loss: 1452.1643, Train MAE: 30.61 months
2026-04-11 16:47:00,249 - INFO - Val Loss: 7150.2212, Val MAE: 67.34 months
2026-04-11 16:47:00,551 - INFO - Epoch 11/100
2026-04-11 16:47:26,890 - INFO - Train Loss: 1548.1644, Train MAE: 31.92 months
2026-04-11 16:47:26,891 - INFO - Val Loss: 10413.6152, Val MAE: 83.15 months
2026-04-11 16:47:27,187 - INFO - Epoch 12/100
2026-04-11 16:47:53,238 - INFO - Train Loss: 1280.4739, Train MAE: 28.59 months
2026-04-11 16:47:53,238 - INFO - Val Loss: 10841.2246, Val MAE: 85.48 months
2026-04-11 16:47:53,541 - INFO - Epoch 13/100
2026-04-11 16:48:19,706 - INFO - Train Loss: 1501.9982, Train MAE: 28.55 months
2026-04-11 16:48:19,707 - INFO - Val Loss: 8009.7827, Val MAE: 67.25 months
2026-04-11 16:48:20,008 - INFO - Epoch 14/100
2026-04-11 16:48:46,325 - INFO - Train Loss: 1506.9027, Train MAE: 30.55 months
2026-04-11 16:48:46,326 - INFO - Val Loss: 8951.6016, Val MAE: 75.95 months
2026-04-11 16:48:46,623 - INFO - Epoch 15/100
2026-04-11 16:49:12,732 - INFO - Train Loss: 1634.1927, Train MAE: 31.38 months
2026-04-11 16:49:12,732 - INFO - Val Loss: 7612.2158, Val MAE: 71.85 months
2026-04-11 16:49:13,030 - INFO - Epoch 16/100
2026-04-11 16:49:39,617 - INFO - Train Loss: 1386.3409, Train MAE: 29.49 months
2026-04-11 16:49:39,618 - INFO - Val Loss: 7239.6357, Val MAE: 71.14 months
2026-04-11 16:49:39,919 - INFO - Epoch 17/100
2026-04-11 16:50:05,980 - INFO - Train Loss: 1128.4313, Train MAE: 26.77 months
2026-04-11 16:50:05,980 - INFO - Val Loss: 7578.2280, Val MAE: 72.14 months
2026-04-11 16:50:06,270 - INFO - Epoch 18/100
2026-04-11 16:50:32,535 - INFO - Train Loss: 1240.0216, Train MAE: 27.36 months
2026-04-11 16:50:32,536 - INFO - Val Loss: 8285.4688, Val MAE: 74.62 months
2026-04-11 16:50:32,836 - INFO - Epoch 19/100
2026-04-11 16:50:58,951 - INFO - Train Loss: 837.3725, Train MAE: 22.68 months
2026-04-11 16:50:58,952 - INFO - Val Loss: 8283.5469, Val MAE: 73.85 months
2026-04-11 16:50:59,253 - INFO - Epoch 20/100
2026-04-11 16:51:25,223 - INFO - Train Loss: 1014.0544, Train MAE: 24.61 months
2026-04-11 16:51:25,224 - INFO - Val Loss: 8395.9541, Val MAE: 76.00 months
2026-04-11 16:51:25,517 - INFO - Epoch 21/100
2026-04-11 16:51:51,775 - INFO - Train Loss: 953.8227, Train MAE: 22.97 months
2026-04-11 16:51:51,776 - INFO - Val Loss: 7485.8101, Val MAE: 72.44 months
2026-04-11 16:51:52,078 - INFO - Epoch 22/100
2026-04-11 16:52:18,143 - INFO - Train Loss: 1037.9458, Train MAE: 25.26 months
2026-04-11 16:52:18,144 - INFO - Val Loss: 6999.3984, Val MAE: 70.04 months
2026-04-11 16:52:18,446 - INFO - Epoch 23/100
2026-04-11 16:52:44,517 - INFO - Train Loss: 1016.5758, Train MAE: 23.89 months
2026-04-11 16:52:44,518 - INFO - Val Loss: 6639.1001, Val MAE: 68.23 months
2026-04-11 16:52:44,825 - INFO - Epoch 24/100
2026-04-11 16:53:11,036 - INFO - Train Loss: 705.1962, Train MAE: 20.88 months
2026-04-11 16:53:11,036 - INFO - Val Loss: 6625.0508, Val MAE: 68.52 months
2026-04-11 16:53:11,339 - INFO - Epoch 25/100
2026-04-11 16:53:37,485 - INFO - Train Loss: 903.3009, Train MAE: 24.60 months
2026-04-11 16:53:37,486 - INFO - Val Loss: 6766.4556, Val MAE: 69.51 months
2026-04-11 16:53:37,786 - INFO - Epoch 26/100
2026-04-11 16:54:03,804 - INFO - Train Loss: 606.4139, Train MAE: 19.14 months
2026-04-11 16:54:03,805 - INFO - Val Loss: 6726.2358, Val MAE: 68.95 months
2026-04-11 16:54:04,109 - INFO - Epoch 27/100
2026-04-11 16:54:30,344 - INFO - Train Loss: 598.3528, Train MAE: 20.04 months
2026-04-11 16:54:30,345 - INFO - Val Loss: 7000.8071, Val MAE: 70.21 months
2026-04-11 16:54:30,637 - INFO - Epoch 28/100
2026-04-11 16:54:56,672 - INFO - Train Loss: 673.7239, Train MAE: 19.26 months
2026-04-11 16:54:56,672 - INFO - Val Loss: 7088.1807, Val MAE: 70.69 months
2026-04-11 16:54:56,972 - INFO - Epoch 29/100
2026-04-11 16:55:23,071 - INFO - Train Loss: 799.9793, Train MAE: 20.63 months
2026-04-11 16:55:23,071 - INFO - Val Loss: 7031.1470, Val MAE: 70.51 months
2026-04-11 16:55:23,369 - INFO - Epoch 30/100
2026-04-11 16:55:49,340 - INFO - Train Loss: 615.8123, Train MAE: 18.58 months
2026-04-11 16:55:49,341 - INFO - Val Loss: 6821.0586, Val MAE: 69.72 months
2026-04-11 16:55:49,643 - INFO - Epoch 31/100
2026-04-11 16:56:15,743 - INFO - Train Loss: 584.6373, Train MAE: 19.17 months
2026-04-11 16:56:15,744 - INFO - Val Loss: 6572.9673, Val MAE: 68.50 months
2026-04-11 16:56:16,143 - INFO - Epoch 32/100
2026-04-11 16:56:42,271 - INFO - Train Loss: 616.4644, Train MAE: 20.03 months
2026-04-11 16:56:42,271 - INFO - Val Loss: 5872.6357, Val MAE: 65.32 months
2026-04-11 16:56:42,569 - INFO - Epoch 33/100
2026-04-11 16:57:08,698 - INFO - Train Loss: 728.6227, Train MAE: 20.41 months
2026-04-11 16:57:08,698 - INFO - Val Loss: 5764.1841, Val MAE: 64.61 months
2026-04-11 16:57:08,999 - INFO - Early stopping triggered after 33 epochs
2026-04-11 16:57:09,000 - INFO - Training completed!
2026-04-12 11:34:09,373 - INFO - Training on device: cpu
2026-04-12 11:34:09,374 - INFO - Training samples: 180
2026-04-12 11:34:09,374 - INFO - Validation samples: 20
2026-04-12 11:34:09,376 - INFO - Epoch 1/100
2026-04-12 11:34:51,469 - INFO - Train Loss: 17252.3866, Train MAE: 124.90 months
2026-04-12 11:34:51,470 - INFO - Val Loss: 7931.6616, Val MAE: 72.92 months
2026-04-12 11:34:51,797 - INFO - New best model saved!
2026-04-12 11:34:52,078 - INFO - Epoch 2/100
2026-04-12 11:36:15,185 - INFO - Train Loss: 14072.6917, Train MAE: 111.25 months
2026-04-12 11:36:15,185 - INFO - Val Loss: 4780.6885, Val MAE: 55.59 months
2026-04-12 11:36:15,458 - INFO - New best model saved!
2026-04-12 11:36:15,728 - INFO - Epoch 3/100
2026-04-12 11:37:01,746 - INFO - Train Loss: 8944.5556, Train MAE: 84.85 months
2026-04-12 11:37:01,746 - INFO - Val Loss: 7794.7578, Val MAE: 75.35 months
2026-04-12 11:37:02,136 - INFO - Epoch 4/100
2026-04-12 11:38:11,040 - INFO - Train Loss: 4184.4965, Train MAE: 55.01 months
2026-04-12 11:38:11,041 - INFO - Val Loss: 3988.7524, Val MAE: 52.56 months
2026-04-12 11:38:11,834 - INFO - New best model saved!
2026-04-12 11:38:12,632 - INFO - Epoch 5/100
2026-04-12 11:39:47,305 - INFO - Train Loss: 1794.0493, Train MAE: 35.41 months
2026-04-12 11:39:47,305 - INFO - Val Loss: 11462.4473, Val MAE: 87.69 months
2026-04-12 11:39:47,768 - INFO - Epoch 6/100
2026-04-12 11:40:34,624 - INFO - Train Loss: 2017.7769, Train MAE: 35.35 months
2026-04-12 11:40:34,624 - INFO - Val Loss: 6213.1826, Val MAE: 67.86 months
2026-04-12 11:40:35,052 - INFO - Epoch 7/100
2026-04-12 11:41:23,084 - INFO - Train Loss: 1829.4618, Train MAE: 34.67 months
2026-04-12 11:41:23,085 - INFO - Val Loss: 14265.9707, Val MAE: 101.25 months
2026-04-12 11:41:23,464 - INFO - Epoch 8/100
2026-04-12 11:43:44,501 - INFO - Train Loss: 1641.6849, Train MAE: 33.01 months
2026-04-12 11:43:44,502 - INFO - Val Loss: 8208.6621, Val MAE: 74.27 months
2026-04-12 11:43:45,350 - INFO - Epoch 9/100
2026-04-12 11:44:57,626 - INFO - Train Loss: 1538.0884, Train MAE: 30.68 months
2026-04-12 11:44:57,627 - INFO - Val Loss: 3582.5376, Val MAE: 50.04 months
2026-04-12 11:44:58,002 - INFO - New best model saved!
2026-04-12 11:44:58,353 - INFO - Epoch 10/100
2026-04-12 11:45:45,806 - INFO - Train Loss: 1273.2818, Train MAE: 28.64 months
2026-04-12 11:45:45,807 - INFO - Val Loss: 4129.6548, Val MAE: 51.75 months
2026-04-12 11:45:46,206 - INFO - Epoch 11/100
2026-04-12 11:46:34,041 - INFO - Train Loss: 1401.8024, Train MAE: 28.38 months
2026-04-12 11:46:34,044 - INFO - Val Loss: 5082.5342, Val MAE: 58.99 months
2026-04-12 11:46:34,449 - INFO - Epoch 12/100
2026-04-12 11:47:24,533 - INFO - Train Loss: 1249.8589, Train MAE: 27.93 months
2026-04-12 11:47:24,534 - INFO - Val Loss: 7293.6172, Val MAE: 70.22 months
2026-04-12 11:47:24,931 - INFO - Epoch 13/100
2026-04-12 11:48:19,302 - INFO - Train Loss: 1205.4029, Train MAE: 25.46 months
2026-04-12 11:48:19,303 - INFO - Val Loss: 6655.6968, Val MAE: 70.03 months
2026-04-12 11:48:19,730 - INFO - Epoch 14/100
2026-04-12 11:49:13,340 - INFO - Train Loss: 1171.9575, Train MAE: 27.45 months
2026-04-12 11:49:13,340 - INFO - Val Loss: 5669.8716, Val MAE: 63.75 months
2026-04-12 11:49:13,734 - INFO - Epoch 15/100
2026-04-12 11:50:08,471 - INFO - Train Loss: 1080.6546, Train MAE: 25.60 months
2026-04-12 11:50:08,471 - INFO - Val Loss: 5220.4341, Val MAE: 55.93 months
2026-04-12 11:50:08,866 - INFO - Epoch 16/100
2026-04-12 11:51:49,184 - INFO - Train Loss: 934.5756, Train MAE: 22.71 months
2026-04-12 11:51:49,195 - INFO - Val Loss: 6548.5820, Val MAE: 65.53 months
2026-04-12 11:51:50,163 - INFO - Epoch 17/100
2026-04-12 11:53:51,165 - INFO - Train Loss: 980.9909, Train MAE: 24.07 months
2026-04-12 11:53:51,165 - INFO - Val Loss: 6087.9150, Val MAE: 63.17 months
2026-04-12 11:53:51,458 - INFO - Epoch 18/100
2026-04-12 11:54:45,877 - INFO - Train Loss: 720.2794, Train MAE: 21.20 months
2026-04-12 11:54:45,878 - INFO - Val Loss: 5806.6406, Val MAE: 62.59 months
2026-04-12 11:54:46,439 - INFO - Epoch 19/100
2026-04-12 11:55:39,242 - INFO - Train Loss: 996.7228, Train MAE: 23.77 months
2026-04-12 11:55:39,244 - INFO - Val Loss: 7656.2095, Val MAE: 72.35 months
2026-04-12 11:55:39,680 - INFO - Epoch 20/100
2026-04-12 11:56:33,263 - INFO - Train Loss: 825.3465, Train MAE: 21.86 months
2026-04-12 11:56:33,264 - INFO - Val Loss: 5572.1035, Val MAE: 59.01 months
2026-04-12 11:56:33,666 - INFO - Epoch 21/100
2026-04-12 11:57:26,678 - INFO - Train Loss: 703.9810, Train MAE: 20.02 months
2026-04-12 11:57:26,682 - INFO - Val Loss: 7845.2798, Val MAE: 73.16 months
2026-04-12 11:57:27,063 - INFO - Epoch 22/100
2026-04-12 11:58:31,405 - INFO - Train Loss: 646.9303, Train MAE: 19.86 months
2026-04-12 11:58:31,406 - INFO - Val Loss: 6892.9478, Val MAE: 68.83 months
2026-04-12 11:58:32,014 - INFO - Epoch 23/100
2026-04-12 11:59:36,314 - INFO - Train Loss: 577.8533, Train MAE: 19.07 months
2026-04-12 11:59:36,315 - INFO - Val Loss: 7094.5439, Val MAE: 69.90 months
2026-04-12 11:59:36,759 - INFO - Epoch 24/100
2026-04-12 12:00:43,913 - INFO - Train Loss: 560.6593, Train MAE: 18.16 months
2026-04-12 12:00:43,913 - INFO - Val Loss: 7139.1182, Val MAE: 70.52 months
2026-04-12 12:00:44,489 - INFO - Epoch 25/100
2026-04-12 12:01:53,765 - INFO - Train Loss: 572.9735, Train MAE: 18.09 months
2026-04-12 12:01:53,766 - INFO - Val Loss: 6205.7485, Val MAE: 64.89 months
2026-04-12 12:01:54,323 - INFO - Epoch 26/100
2026-04-12 12:03:03,771 - INFO - Train Loss: 581.3181, Train MAE: 18.29 months
2026-04-12 12:03:03,773 - INFO - Val Loss: 6294.2153, Val MAE: 66.37 months
2026-04-12 12:03:04,346 - INFO - Epoch 27/100
2026-04-12 12:04:20,244 - INFO - Train Loss: 578.4289, Train MAE: 18.13 months
2026-04-12 12:04:20,245 - INFO - Val Loss: 6169.3550, Val MAE: 63.73 months
2026-04-12 12:04:20,817 - INFO - Epoch 28/100
2026-04-12 12:05:35,134 - INFO - Train Loss: 479.8514, Train MAE: 17.21 months
2026-04-12 12:05:35,135 - INFO - Val Loss: 7117.8857, Val MAE: 70.44 months
2026-04-12 12:05:35,846 - INFO - Epoch 29/100
2026-04-12 12:06:51,166 - INFO - Train Loss: 449.9717, Train MAE: 16.03 months
2026-04-12 12:06:51,166 - INFO - Val Loss: 6177.7568, Val MAE: 66.28 months
2026-04-12 12:06:51,695 - INFO - Epoch 30/100
2026-04-12 12:07:54,886 - INFO - Train Loss: 412.9859, Train MAE: 15.96 months
2026-04-12 12:07:54,887 - INFO - Val Loss: 5665.3555, Val MAE: 62.69 months
2026-04-12 12:07:55,352 - INFO - Epoch 31/100
2026-04-12 12:08:55,856 - INFO - Train Loss: 456.3670, Train MAE: 16.38 months
2026-04-12 12:08:55,857 - INFO - Val Loss: 6305.3301, Val MAE: 67.92 months
2026-04-12 12:08:56,377 - INFO - Epoch 32/100
2026-04-12 12:10:00,732 - INFO - Train Loss: 478.3428, Train MAE: 16.97 months
2026-04-12 12:10:00,733 - INFO - Val Loss: 7768.1943, Val MAE: 75.26 months
2026-04-12 12:10:01,239 - INFO - Epoch 33/100
2026-04-12 12:11:03,036 - INFO - Train Loss: 370.7502, Train MAE: 14.30 months
2026-04-12 12:11:03,038 - INFO - Val Loss: 7215.0947, Val MAE: 72.41 months
2026-04-12 12:11:03,584 - INFO - Epoch 34/100
2026-04-12 12:12:03,842 - INFO - Train Loss: 374.2954, Train MAE: 15.18 months
2026-04-12 12:12:03,843 - INFO - Val Loss: 6721.6709, Val MAE: 69.80 months
2026-04-12 12:12:04,333 - INFO - Epoch 35/100
2026-04-12 12:13:03,257 - INFO - Train Loss: 414.0698, Train MAE: 16.11 months
2026-04-12 12:13:03,258 - INFO - Val Loss: 6308.5186, Val MAE: 67.28 months
2026-04-12 12:13:03,713 - INFO - Epoch 36/100
2026-04-12 12:14:04,555 - INFO - Train Loss: 362.6684, Train MAE: 14.26 months
2026-04-12 12:14:04,555 - INFO - Val Loss: 6461.1240, Val MAE: 68.42 months
2026-04-12 12:14:04,961 - INFO - Epoch 37/100
2026-04-12 12:15:07,000 - INFO - Train Loss: 451.4705, Train MAE: 16.19 months
2026-04-12 12:15:07,001 - INFO - Val Loss: 6803.8506, Val MAE: 69.69 months
2026-04-12 12:15:07,475 - INFO - Epoch 38/100
2026-04-12 12:16:09,650 - INFO - Train Loss: 388.6033, Train MAE: 15.47 months
2026-04-12 12:16:09,651 - INFO - Val Loss: 7005.0469, Val MAE: 70.58 months
2026-04-12 12:16:10,142 - INFO - Epoch 39/100
2026-04-12 12:17:10,205 - INFO - Train Loss: 375.9010, Train MAE: 15.08 months
2026-04-12 12:17:10,206 - INFO - Val Loss: 7001.3452, Val MAE: 70.98 months
2026-04-12 12:17:10,680 - INFO - Early stopping triggered after 39 epochs
2026-04-12 12:17:10,681 - INFO - Training completed!
2026-04-19 19:57:56,778 - INFO - Training on device: cpu
2026-04-19 19:57:56,779 - INFO - Training samples: 180
2026-04-19 19:57:56,780 - INFO - Validation samples: 20
2026-04-19 19:57:56,780 - INFO - Epoch 1/100
2026-04-19 19:59:17,132 - INFO - Train Loss: 48956.1999, Train MAE: 199.38 months
2026-04-19 19:59:17,133 - INFO - Val Loss: 99431.7344, Val MAE: 308.52 months
2026-04-19 19:59:17,450 - INFO - New best model saved!
2026-04-19 19:59:17,688 - INFO - Epoch 2/100
2026-04-19 20:00:32,656 - INFO - Train Loss: 43359.6367, Train MAE: 187.36 months
2026-04-19 20:00:32,658 - INFO - Val Loss: 86733.3047, Val MAE: 285.25 months
2026-04-19 20:00:33,287 - INFO - New best model saved!
2026-04-19 20:00:33,918 - INFO - Epoch 3/100
2026-04-19 20:02:04,642 - INFO - Train Loss: 35546.1543, Train MAE: 163.56 months
2026-04-19 20:02:04,642 - INFO - Val Loss: 47818.2109, Val MAE: 203.41 months
2026-04-19 20:02:05,282 - INFO - New best model saved!
2026-04-19 20:02:05,922 - INFO - Epoch 4/100
2026-04-19 20:03:50,659 - INFO - Train Loss: 24184.8182, Train MAE: 130.95 months
2026-04-19 20:03:50,660 - INFO - Val Loss: 69758.1094, Val MAE: 256.81 months
2026-04-19 20:03:51,353 - INFO - Epoch 5/100
2026-04-19 20:05:04,086 - INFO - Train Loss: 15238.0106, Train MAE: 95.58 months
2026-04-19 20:05:04,086 - INFO - Val Loss: 33327.3555, Val MAE: 170.65 months
2026-04-19 20:05:04,799 - INFO - New best model saved!
2026-04-19 20:05:05,533 - INFO - Epoch 6/100
2026-04-19 20:06:44,204 - INFO - Train Loss: 8774.9494, Train MAE: 74.06 months
2026-04-19 20:06:44,205 - INFO - Val Loss: 13333.6895, Val MAE: 93.78 months
2026-04-19 20:06:44,880 - INFO - New best model saved!
2026-04-19 20:06:45,580 - INFO - Epoch 7/100
2026-04-19 20:08:38,926 - INFO - Train Loss: 8043.6139, Train MAE: 73.09 months
2026-04-19 20:08:38,928 - INFO - Val Loss: 13162.0752, Val MAE: 100.40 months
2026-04-19 20:08:39,571 - INFO - New best model saved!
2026-04-19 20:08:40,180 - INFO - Epoch 8/100
2026-04-19 20:10:24,469 - INFO - Train Loss: 7148.4606, Train MAE: 69.83 months
2026-04-19 20:10:24,470 - INFO - Val Loss: 13200.5176, Val MAE: 97.67 months
2026-04-19 20:10:25,245 - INFO - Epoch 9/100
2026-04-19 20:12:49,790 - INFO - Train Loss: 6850.3239, Train MAE: 67.41 months
2026-04-19 20:12:49,791 - INFO - Val Loss: 24297.0312, Val MAE: 131.42 months
2026-04-19 20:12:50,554 - INFO - Epoch 10/100
2026-04-19 20:14:27,866 - INFO - Train Loss: 6429.3112, Train MAE: 60.57 months
2026-04-19 20:14:27,868 - INFO - Val Loss: 17174.4395, Val MAE: 104.49 months
2026-04-19 20:14:28,545 - INFO - Epoch 11/100
2026-04-19 20:16:16,039 - INFO - Train Loss: 7058.0277, Train MAE: 65.47 months
2026-04-19 20:16:16,041 - INFO - Val Loss: 20867.6035, Val MAE: 131.15 months
2026-04-19 20:16:16,756 - INFO - Epoch 12/100
2026-04-19 20:17:54,476 - INFO - Train Loss: 6969.8813, Train MAE: 66.09 months
2026-04-19 20:17:54,477 - INFO - Val Loss: 27541.9844, Val MAE: 150.45 months
2026-04-19 20:17:54,780 - INFO - Epoch 13/100
2026-04-19 20:18:40,690 - INFO - Train Loss: 6111.7144, Train MAE: 59.57 months
2026-04-19 20:18:40,690 - INFO - Val Loss: 5703.9121, Val MAE: 64.57 months
2026-04-19 20:18:41,133 - INFO - New best model saved!
2026-04-19 20:18:41,487 - INFO - Epoch 14/100
2026-04-19 20:19:36,958 - INFO - Train Loss: 6578.0553, Train MAE: 62.54 months
2026-04-19 20:19:36,959 - INFO - Val Loss: 10157.8076, Val MAE: 85.24 months
2026-04-19 20:19:37,323 - INFO - Epoch 15/100
2026-04-19 20:20:26,037 - INFO - Train Loss: 6226.1854, Train MAE: 60.46 months
2026-04-19 20:20:26,049 - INFO - Val Loss: 13096.8594, Val MAE: 95.40 months
2026-04-19 20:20:26,418 - INFO - Epoch 16/100
2026-04-19 20:21:12,408 - INFO - Train Loss: 5962.5240, Train MAE: 61.20 months
2026-04-19 20:21:12,409 - INFO - Val Loss: 10800.6230, Val MAE: 86.61 months
2026-04-19 20:21:12,736 - INFO - Epoch 17/100
2026-04-19 20:21:58,350 - INFO - Train Loss: 5353.4931, Train MAE: 58.70 months
2026-04-19 20:21:58,351 - INFO - Val Loss: 13296.5703, Val MAE: 96.98 months
2026-04-19 20:21:58,689 - INFO - Epoch 18/100
2026-04-19 20:22:44,326 - INFO - Train Loss: 5023.6140, Train MAE: 56.74 months
2026-04-19 20:22:44,327 - INFO - Val Loss: 13100.2910, Val MAE: 96.77 months
2026-04-19 20:22:44,674 - INFO - Epoch 19/100
2026-04-19 20:23:30,298 - INFO - Train Loss: 5615.7084, Train MAE: 57.46 months
2026-04-19 20:23:30,299 - INFO - Val Loss: 17424.6602, Val MAE: 114.61 months
2026-04-19 20:23:30,645 - INFO - Epoch 20/100
2026-04-19 20:24:16,873 - INFO - Train Loss: 5486.7469, Train MAE: 58.37 months
2026-04-19 20:24:16,873 - INFO - Val Loss: 16420.2070, Val MAE: 110.86 months
2026-04-19 20:24:17,226 - INFO - Epoch 21/100
2026-04-19 20:25:04,600 - INFO - Train Loss: 5124.4240, Train MAE: 57.32 months
2026-04-19 20:25:04,600 - INFO - Val Loss: 12541.2734, Val MAE: 96.93 months
2026-04-19 20:25:04,955 - INFO - Epoch 22/100
2026-04-19 20:25:54,626 - INFO - Train Loss: 4620.5857, Train MAE: 53.60 months
2026-04-19 20:25:54,627 - INFO - Val Loss: 12892.2549, Val MAE: 99.13 months
2026-04-19 20:25:55,209 - INFO - Epoch 23/100
2026-04-19 20:26:42,824 - INFO - Train Loss: 4357.4556, Train MAE: 53.46 months
2026-04-19 20:26:42,825 - INFO - Val Loss: 13338.0781, Val MAE: 97.77 months
2026-04-19 20:26:43,148 - INFO - Epoch 24/100
2026-04-19 20:27:30,976 - INFO - Train Loss: 4703.4623, Train MAE: 52.99 months
2026-04-19 20:27:30,977 - INFO - Val Loss: 14904.7129, Val MAE: 103.42 months
2026-04-19 20:27:31,325 - INFO - Epoch 25/100
2026-04-19 20:28:58,565 - INFO - Train Loss: 4650.4827, Train MAE: 52.94 months
2026-04-19 20:28:58,566 - INFO - Val Loss: 12385.3262, Val MAE: 92.81 months
2026-04-19 20:28:59,223 - INFO - Epoch 26/100
2026-04-19 20:30:37,132 - INFO - Train Loss: 4774.6283, Train MAE: 51.90 months
2026-04-19 20:30:37,133 - INFO - Val Loss: 10645.5654, Val MAE: 83.90 months
2026-04-19 20:30:37,758 - INFO - Epoch 27/100
2026-04-19 20:32:15,807 - INFO - Train Loss: 4569.4567, Train MAE: 50.13 months
2026-04-19 20:32:15,808 - INFO - Val Loss: 10179.5957, Val MAE: 83.72 months
2026-04-19 20:32:16,383 - INFO - Epoch 28/100
2026-04-19 20:33:54,644 - INFO - Train Loss: 4580.1163, Train MAE: 52.63 months
2026-04-19 20:33:54,646 - INFO - Val Loss: 10385.6357, Val MAE: 87.19 months
2026-04-19 20:33:55,288 - INFO - Epoch 29/100
2026-04-19 20:35:33,795 - INFO - Train Loss: 3563.5473, Train MAE: 46.54 months
2026-04-19 20:35:33,797 - INFO - Val Loss: 10456.8672, Val MAE: 88.28 months
2026-04-19 20:35:34,441 - INFO - Epoch 30/100
2026-04-19 20:37:13,355 - INFO - Train Loss: 4194.3167, Train MAE: 49.98 months
2026-04-19 20:37:13,356 - INFO - Val Loss: 10556.8945, Val MAE: 89.85 months
2026-04-19 20:37:14,015 - INFO - Epoch 31/100
2026-04-19 20:38:52,532 - INFO - Train Loss: 3434.8298, Train MAE: 44.53 months
2026-04-19 20:38:52,534 - INFO - Val Loss: 9953.6855, Val MAE: 88.44 months
2026-04-19 20:38:53,190 - INFO - Epoch 32/100
2026-04-19 20:40:33,217 - INFO - Train Loss: 2939.1066, Train MAE: 42.89 months
2026-04-19 20:40:33,218 - INFO - Val Loss: 9044.6934, Val MAE: 84.99 months
2026-04-19 20:40:33,870 - INFO - Epoch 33/100
2026-04-19 20:42:12,820 - INFO - Train Loss: 2913.6769, Train MAE: 41.12 months
2026-04-19 20:42:12,821 - INFO - Val Loss: 9174.1572, Val MAE: 85.43 months
2026-04-19 20:42:13,443 - INFO - Epoch 34/100
2026-04-19 20:43:51,225 - INFO - Train Loss: 3102.3666, Train MAE: 42.09 months
2026-04-19 20:43:51,226 - INFO - Val Loss: 9230.6777, Val MAE: 84.48 months
2026-04-19 20:43:52,061 - INFO - Epoch 35/100
2026-04-19 20:44:42,202 - INFO - Train Loss: 2930.3924, Train MAE: 41.60 months
2026-04-19 20:44:42,203 - INFO - Val Loss: 9906.2529, Val MAE: 86.54 months
2026-04-19 20:44:42,539 - INFO - Epoch 36/100
2026-04-19 20:45:31,583 - INFO - Train Loss: 3165.6568, Train MAE: 42.94 months
2026-04-19 20:45:31,584 - INFO - Val Loss: 10540.5215, Val MAE: 88.86 months
2026-04-19 20:45:31,909 - INFO - Epoch 37/100
2026-04-19 20:46:17,549 - INFO - Train Loss: 2812.9726, Train MAE: 40.15 months
2026-04-19 20:46:17,550 - INFO - Val Loss: 11371.1904, Val MAE: 92.02 months
2026-04-19 20:46:17,881 - INFO - Epoch 38/100
2026-04-19 20:47:54,413 - INFO - Train Loss: 2588.4317, Train MAE: 38.68 months
2026-04-19 20:47:54,413 - INFO - Val Loss: 11816.5996, Val MAE: 94.08 months
2026-04-19 20:47:54,693 - INFO - Epoch 39/100
2026-04-19 20:49:05,353 - INFO - Train Loss: 3227.3499, Train MAE: 43.56 months
2026-04-19 20:49:05,353 - INFO - Val Loss: 11359.0322, Val MAE: 91.87 months
2026-04-19 20:49:05,629 - INFO - Epoch 40/100
2026-04-19 20:50:40,667 - INFO - Train Loss: 2889.6450, Train MAE: 40.81 months
2026-04-19 20:50:40,668 - INFO - Val Loss: 11110.9824, Val MAE: 90.55 months
2026-04-19 20:50:41,309 - INFO - Epoch 41/100
2026-04-19 20:52:20,428 - INFO - Train Loss: 1932.6224, Train MAE: 34.10 months
2026-04-19 20:52:20,429 - INFO - Val Loss: 11314.1230, Val MAE: 91.51 months
2026-04-19 20:52:21,086 - INFO - Epoch 42/100
2026-04-19 20:54:01,716 - INFO - Train Loss: 2679.0140, Train MAE: 36.30 months
2026-04-19 20:54:01,716 - INFO - Val Loss: 11534.2344, Val MAE: 92.17 months
2026-04-19 20:54:02,366 - INFO - Epoch 43/100
2026-04-19 20:55:43,449 - INFO - Train Loss: 2630.0655, Train MAE: 38.39 months
2026-04-19 20:55:43,451 - INFO - Val Loss: 11294.0830, Val MAE: 91.32 months
2026-04-19 20:55:44,106 - INFO - Early stopping triggered after 43 epochs
2026-04-19 20:55:44,107 - INFO - Training completed!
2026-04-19 21:41:48,944 - INFO - Training on device: cpu
2026-04-19 21:41:48,944 - INFO - Training samples: 180
2026-04-19 21:41:48,945 - INFO - Validation samples: 20
2026-04-19 21:41:48,945 - INFO - Epoch 1/100
2026-04-19 21:42:17,177 - INFO - Train Loss: 48956.1999, Train MAE: 199.38 months
2026-04-19 21:42:17,178 - INFO - Val Loss: 99431.7344, Val MAE: 308.52 months
2026-04-19 21:42:17,514 - INFO - New best model saved!
2026-04-19 21:42:17,884 - INFO - Epoch 2/100
2026-04-19 21:43:07,102 - INFO - Train Loss: 43359.6367, Train MAE: 187.36 months
2026-04-19 21:43:07,102 - INFO - Val Loss: 86733.3047, Val MAE: 285.25 months
2026-04-19 21:43:07,421 - INFO - New best model saved!
2026-04-19 21:43:07,802 - INFO - Epoch 3/100
2026-04-19 21:43:52,359 - INFO - Train Loss: 35546.1543, Train MAE: 163.56 months
2026-04-19 21:43:52,359 - INFO - Val Loss: 47818.2109, Val MAE: 203.41 months
2026-04-19 21:43:52,647 - INFO - New best model saved!
2026-04-19 21:43:52,905 - INFO - Epoch 4/100
2026-04-19 21:44:40,218 - INFO - Train Loss: 24184.8182, Train MAE: 130.95 months
2026-04-19 21:44:40,218 - INFO - Val Loss: 69758.1094, Val MAE: 256.81 months
2026-04-19 21:44:40,515 - INFO - Epoch 5/100
2026-04-19 21:46:08,738 - INFO - Train Loss: 15238.0106, Train MAE: 95.58 months
2026-04-19 21:46:08,739 - INFO - Val Loss: 33327.3555, Val MAE: 170.65 months
2026-04-19 21:46:09,370 - INFO - New best model saved!
2026-04-19 21:46:09,982 - INFO - Epoch 6/100
2026-04-19 21:47:39,306 - INFO - Train Loss: 8774.9494, Train MAE: 74.06 months
2026-04-19 21:47:39,308 - INFO - Val Loss: 13333.6895, Val MAE: 93.78 months
2026-04-19 21:47:39,938 - INFO - New best model saved!
2026-04-19 21:47:40,568 - INFO - Epoch 7/100
2026-04-19 21:49:19,077 - INFO - Train Loss: 8043.6139, Train MAE: 73.09 months
2026-04-19 21:49:19,077 - INFO - Val Loss: 13162.0752, Val MAE: 100.40 months
2026-04-19 21:49:19,797 - INFO - New best model saved!
2026-04-19 21:49:20,471 - INFO - Epoch 8/100
2026-04-19 21:51:00,277 - INFO - Train Loss: 7148.4606, Train MAE: 69.83 months
2026-04-19 21:51:00,277 - INFO - Val Loss: 13200.5176, Val MAE: 97.67 months
2026-04-19 21:51:00,929 - INFO - Epoch 9/100
2026-04-19 21:52:41,052 - INFO - Train Loss: 6850.3239, Train MAE: 67.41 months
2026-04-19 21:52:41,054 - INFO - Val Loss: 24297.0312, Val MAE: 131.42 months
2026-04-19 21:52:41,699 - INFO - Epoch 10/100
